Heartrate4lib.c:7:6:checkInput	392	static
Heartrate4lib.c:129:6:hr4_test_partID	32	static
Heartrate4lib.c:167:6:hr4_get_chipTemp	64	static
Heartrate4lib.c:239:9:hr4_read_reg	40	static
Heartrate4lib.c:272:6:hr4_read_reg_multi	32	static
Heartrate4lib.c:300:6:hr4_write_reg	32	static
Heartrate4lib.c:319:6:hr4_set_registers	80	static
Heartrate4lib.c:342:8:hr4_set_fifo_sample_averaging	48	static
Heartrate4lib.c:382:6:hr4_fifo_rollover_enable	48	static
Heartrate4lib.c:424:6:hr4_proximity_int_enable	48	static
Heartrate4lib.c:467:8:hr4_set_mode	40	static
Heartrate4lib.c:497:8:hr4_set_spo2_sample_rate	48	static
Heartrate4lib.c:546:6:hr4_new_fifo_data_int_enable	48	static
Heartrate4lib.c:597:6:hr4_fifo_full_int_enable	48	static
Heartrate4lib.c:648:6:hr4_set_red_led_pulse_amplitude	104	static
Heartrate4lib.c:653:6:hr4_set_ir_led_pulse_amplitude	104	static
Heartrate4lib.c:658:6:hr4_set_green_led_pulse_amplitude	104	static
Heartrate4lib.c:663:6:hr4_set_proximity_led_pulse_amplitude	104	static
Heartrate4lib.c:668:6:hr4_set_proximity_threshold	104	static
Heartrate4lib.c:673:9:hr4_is_new_fifo_data_ready	96	static
Heartrate4lib.c:692:10:hr4_read_red	112	static
Heartrate4lib.c:729:9:hr4_get_write_pointer	80	static
Heartrate4lib.c:734:9:hr4_get_read_pointer	80	static
